
> eras-react@0.1.0 build
> react-scripts build

Creating an optimized production build...
Compiled with warnings.

[eslint] 
src\components\ErasCarousel\ErasCarousel.js
  Line 154:6:  React Hook useEffect has missing dependencies: 'slidesData.length' and 'updateCarousel'. Either include them or remove the dependency array  react-hooks/exhaustive-deps
  Line 161:6:  React Hook useEffect has a missing dependency: 'updateCarousel'. Either include it or remove the dependency array                            react-hooks/exhaustive-deps

src\pages\1989\index.js
  Line 21:28:  Function declared in a loop contains unsafe references to variable(s) 'active'  no-loop-func

src\pages\Debut\index.js
  Line 46:20:  Function declared in a loop contains unsafe references to variable(s) 'active'  no-loop-func

src\pages\Evermore\index.js
  Line 18:8:  React Hook useEffect has a missing dependency: 'options'. Either include it or remove the dependency array        react-hooks/exhaustive-deps
  Line 54:8:  React Hook useCallback has a missing dependency: 'findPreview'. Either include it or remove the dependency array  react-hooks/exhaustive-deps

src\pages\Folklore\index.js
  Line 18:8:  React Hook useEffect has a missing dependency: 'options'. Either include it or remove the dependency array        react-hooks/exhaustive-deps
  Line 60:8:  React Hook useCallback has a missing dependency: 'findPreview'. Either include it or remove the dependency array  react-hooks/exhaustive-deps

src\pages\Lover\index.js
  Line 19:8:    React Hook useEffect has a missing dependency: 'options'. Either include it or remove the dependency array  react-hooks/exhaustive-deps
  Line 89:56:   Unnecessary escape character: \"                                                                            no-useless-escape
  Line 90:85:   Unnecessary escape character: \"                                                                            no-useless-escape
  Line 90:141:  Unnecessary escape character: \"                                                                            no-useless-escape

src\pages\Midnights\index.js
  Line 18:8:  React Hook useEffect has a missing dependency: 'options'. Either include it or remove the dependency array        react-hooks/exhaustive-deps
  Line 63:8:  React Hook useCallback has a missing dependency: 'findPreview'. Either include it or remove the dependency array  react-hooks/exhaustive-deps

src\pages\Red\index.js
  Line 10:8:   'redSF' is defined but never used                                               no-unused-vars
  Line 56:9:   'audioRef' is assigned a value but never used                                   no-unused-vars
  Line 57:10:  'playingTrack' is assigned a value but never used                               no-unused-vars
  Line 57:24:  'setPlayingTrack' is assigned a value but never used                            no-unused-vars
  Line 58:9:   'tracklistRef' is assigned a value but never used                               no-unused-vars
  Line 74:20:  Function declared in a loop contains unsafe references to variable(s) 'active'  no-loop-func

src\pages\Reputation\index.js
  Line 19:8:   React Hook useEffect has a missing dependency: 'options'. Either include it or remove the dependency array        react-hooks/exhaustive-deps
  Line 119:8:  React Hook useCallback has a missing dependency: 'findPreview'. Either include it or remove the dependency array  react-hooks/exhaustive-deps

src\pages\Showgirl\index.js
  Line 1:46:  'useCallback' is defined but never used  no-unused-vars

src\pages\SpeakNow\index.js
  Line 42:6:   React Hook useEffect has a missing dependency: 'options'. Either include it or remove the dependency array        react-hooks/exhaustive-deps
  Line 57:20:  'storyInView' is assigned a value but never used                                                                  no-unused-vars
  Line 61:10:  'mvRef' is assigned a value but never used                                                                        no-unused-vars
  Line 61:17:  'mvInView' is assigned a value but never used                                                                     no-unused-vars
  Line 62:10:  'concertRef' is assigned a value but never used                                                                   no-unused-vars
  Line 62:22:  'concertInView' is assigned a value but never used                                                                no-unused-vars
  Line 130:6:  React Hook useCallback has a missing dependency: 'findPreview'. Either include it or remove the dependency array  react-hooks/exhaustive-deps

Search for the keywords to learn more about each warning.
To ignore, add // eslint-disable-next-line to the line before.

File sizes after gzip:

  140.86 kB  build\static\js\main.24c43110.js
  59.75 kB   build\static\css\main.e1c11106.css

The project was built assuming it is hosted at /.
You can control this with the homepage field in your package.json.

The build folder is ready to be deployed.
You may serve it with a static server:

  npm install -g serve
  serve -s build

Find out more about deployment here:

  https://cra.link/deployment

